---
source: tests/integration_tests/configure_shell.rs
info:
  program: wt
  args:
    - configure-shell
    - "--shell"
    - fish
    - "--cmd"
    - worktree
  env:
    CLICOLOR_FORCE: "1"
    GIT_AUTHOR_DATE: "2025-01-01T00:00:00Z"
    GIT_COMMITTER_DATE: "2025-01-01T00:00:00Z"
    GIT_CONFIG_GLOBAL: /dev/null
    GIT_CONFIG_SYSTEM: /dev/null
    GIT_EDITOR: ""
    HOME: /var/folders/wf/s6ycxvvs4ln8qsdbfx40hnc40000gn/T/.tmp34TZwb
    LANG: C
    LC_ALL: C
    SOURCE_DATE_EPOCH: "1704067200"
---
success: true
exit_code: 0
----- stdout -----
Created      fish [TEMP_HOME]/.config/fish/conf.d/worktree.fish

----- stderr -----
