---
source: tests/integration_tests/help.rs
info:
  program: wt
  args:
    - config
    - state
    - marker
    - set
    - "--help"
  env:
    CLICOLOR_FORCE: "1"
    COLUMNS: "500"
    GIT_EDITOR: ""
    RUST_LOG: warn
    SHELL: ""
    TERM: alacritty
    WORKTRUNK_CONFIG_PATH: /nonexistent/test/config.toml
    WORKTRUNK_TEST_SKIP_URL_HEALTH_CHECK: "1"
    WT_TEST_DELAYED_STREAM_MS: "-1"
    WT_TEST_EPOCH: "1735776000"
---
success: true
exit_code: 0
----- stdout -----

----- stderr -----
wt config state marker set - Set marker for a branch

Usage: [1m[36mwt config state marker set[0m [36m[OPTIONS][0m [36m<VALUE>

[1m[32mArguments:
  [36m<VALUE>
          Marker text (shown in [1mwt list[0m output)

[1m[32mOptions:
      [1m[36m--branch[0m[36m [0m[36m<BRANCH>
          Target branch (defaults to current)

  [1m[36m-h[0m, [1m[36m--help
          Print help (see a summary with '-h')

[1m[32mGlobal Options:
  [1m[36m-C[0m[36m [0m[36m<path>
          Working directory for this command

      [1m[36m--config[0m[36m [0m[36m<path>
          User config file path

  [1m[36m-v[0m, [1m[36m--verbose[0m[36m...
          Verbose output (-v: hooks, templates; -vv: debug report)

[1m[32mExamples

Set marker for current branch:
  [2mwt config state marker set "🚧 WIP"

Set marker for a specific branch:
  [2mwt config state marker set "✅ ready" --branch=feature
