---
source: tests/integration_tests/shell_wrapper.rs
expression: output.normalized().as_ref()
---
✅ [32mCreated new worktree for [0m[1m[32mfeature-bg[0m[32m, changed directory to [0m[1m[TMPDIR]/test-repo.feature-bg[0m
🔄 [36mRunning post-start:[0m
[40m [0m [1m[34mecho [32m'background task'
