---
source: tests/integration_tests/select.rs
expression: normalized
---
> [QUERY]                                                     │[PREVIEW_HEADER]
    Branch           Status         HEAD±    main↕  Path    │ctrl-u/d: scroll
> @ main                 ^                          ./repo  │
  + active-worktree     ∅                           ./repo..│⚪ No uncommitted changes
    orphan-branch       ∅  ⎇                                │
                                                            │
                                                            │
                                                            │
                                                            │
                                                            │
                                                            │
                                                            │
                                                            │
                                                            │
                                                            │
                                                            │
                                                            │
                                                            │
                                                            │
                                                            │
                                                            │
                                                            │
                                                            │
                                                            │
                                                            │
                                                            │
                                                            │
